2026-07-25T13:01:37.260564Z  INFO tailwindcss_oxide::scanner: Provided sources:
2026-07-25T13:01:37.260604Z  INFO tailwindcss_oxide::scanner: Source: PublicSourceEntry { base: "/Users/andrewgertig/Documents/Dev/gertig-labs-2025/app/javascript", pattern: "**/*", negated: false }
2026-07-25T13:01:37.260647Z  INFO tailwindcss_oxide::scanner: Optimized sources:
2026-07-25T13:01:37.260651Z  INFO tailwindcss_oxide::scanner: Source: Auto { base: "/Users/andrewgertig/Documents/Dev/gertig-labs-2025/app/javascript" }
2026-07-25T13:01:37.261470Z  INFO scan_sources: tailwindcss_oxide::scanner: enter
2026-07-25T13:01:37.262025Z  INFO scan_sources: tailwindcss_oxide::scanner: Discovering "/Users/andrewgertig/Documents/Dev/gertig-labs-2025/app/javascript/gertig"
2026-07-25T13:01:37.262056Z  INFO scan_sources: tailwindcss_oxide::scanner: Discovering "/Users/andrewgertig/Documents/Dev/gertig-labs-2025/app/javascript/gertig/controllers"
2026-07-25T13:01:37.262087Z  INFO scan_sources: tailwindcss_oxide::scanner: Discovering "/Users/andrewgertig/Documents/Dev/gertig-labs-2025/app/javascript/gertig/controllers/hello_controller.js"
2026-07-25T13:01:37.262100Z  INFO scan_sources: tailwindcss_oxide::scanner: Discovering "/Users/andrewgertig/Documents/Dev/gertig-labs-2025/app/javascript/gertig/controllers/index.js"
2026-07-25T13:01:37.262110Z  INFO scan_sources: tailwindcss_oxide::scanner: Discovering "/Users/andrewgertig/Documents/Dev/gertig-labs-2025/app/javascript/gertig/controllers/application.js"
2026-07-25T13:01:37.262129Z  INFO scan_sources: tailwindcss_oxide::scanner: Discovering "/Users/andrewgertig/Documents/Dev/gertig-labs-2025/app/javascript/gertig/assets"
2026-07-25T13:01:37.262149Z  INFO scan_sources: tailwindcss_oxide::scanner: Discovering "/Users/andrewgertig/Documents/Dev/gertig-labs-2025/app/javascript/gertig/assets/vite_ruby.svg"
2026-07-25T13:01:37.262159Z  INFO scan_sources: tailwindcss_oxide::scanner: Discovering "/Users/andrewgertig/Documents/Dev/gertig-labs-2025/app/javascript/gertig/assets/react.svg"
2026-07-25T13:01:37.262168Z  INFO scan_sources: tailwindcss_oxide::scanner: Discovering "/Users/andrewgertig/Documents/Dev/gertig-labs-2025/app/javascript/gertig/assets/inertia.svg"
2026-07-25T13:01:37.262186Z  INFO scan_sources: tailwindcss_oxide::scanner: Discovering "/Users/andrewgertig/Documents/Dev/gertig-labs-2025/app/javascript/gertig/pages"
2026-07-25T13:01:37.262203Z  INFO scan_sources: tailwindcss_oxide::scanner: Discovering "/Users/andrewgertig/Documents/Dev/gertig-labs-2025/app/javascript/gertig/pages/Index.tsx"
2026-07-25T13:01:37.262214Z  INFO scan_sources: tailwindcss_oxide::scanner: Discovering "/Users/andrewgertig/Documents/Dev/gertig-labs-2025/app/javascript/gertig/pages/Index.module.css"
2026-07-25T13:01:37.262232Z  INFO scan_sources: tailwindcss_oxide::scanner: Discovering "/Users/andrewgertig/Documents/Dev/gertig-labs-2025/app/javascript/walk_good"
2026-07-25T13:01:37.262257Z  INFO scan_sources: tailwindcss_oxide::scanner: Discovering "/Users/andrewgertig/Documents/Dev/gertig-labs-2025/app/javascript/walk_good/styles"
2026-07-25T13:01:37.262275Z  INFO scan_sources: tailwindcss_oxide::scanner: Discovering "/Users/andrewgertig/Documents/Dev/gertig-labs-2025/app/javascript/walk_good/styles/main.css"
2026-07-25T13:01:37.262285Z  INFO scan_sources: tailwindcss_oxide::scanner: Discovering "/Users/andrewgertig/Documents/Dev/gertig-labs-2025/app/javascript/walk_good/styles/main-original.css"
2026-07-25T13:01:37.262301Z  INFO scan_sources: tailwindcss_oxide::scanner: Discovering "/Users/andrewgertig/Documents/Dev/gertig-labs-2025/app/javascript/walk_good/components"
2026-07-25T13:01:37.262320Z  INFO scan_sources: tailwindcss_oxide::scanner: Discovering "/Users/andrewgertig/Documents/Dev/gertig-labs-2025/app/javascript/walk_good/components/Footer1.tsx"
2026-07-25T13:01:37.262329Z  INFO scan_sources: tailwindcss_oxide::scanner: Discovering "/Users/andrewgertig/Documents/Dev/gertig-labs-2025/app/javascript/walk_good/components/Header3.tsx"
2026-07-25T13:01:37.262337Z  INFO scan_sources: tailwindcss_oxide::scanner: Discovering "/Users/andrewgertig/Documents/Dev/gertig-labs-2025/app/javascript/walk_good/components/HeroBanner2.module.css"
2026-07-25T13:01:37.262350Z  INFO scan_sources: tailwindcss_oxide::scanner: Discovering "/Users/andrewgertig/Documents/Dev/gertig-labs-2025/app/javascript/walk_good/components/Counter1.tsx"
2026-07-25T13:01:37.262360Z  INFO scan_sources: tailwindcss_oxide::scanner: Discovering "/Users/andrewgertig/Documents/Dev/gertig-labs-2025/app/javascript/walk_good/components/HeroBanner2.tsx"
2026-07-25T13:01:37.262369Z  INFO scan_sources: tailwindcss_oxide::scanner: Discovering "/Users/andrewgertig/Documents/Dev/gertig-labs-2025/app/javascript/walk_good/components/Counter1.module.css"
2026-07-25T13:01:37.262377Z  INFO scan_sources: tailwindcss_oxide::scanner: Discovering "/Users/andrewgertig/Documents/Dev/gertig-labs-2025/app/javascript/walk_good/components/Footer1.module.css"
2026-07-25T13:01:37.262385Z  INFO scan_sources: tailwindcss_oxide::scanner: Discovering "/Users/andrewgertig/Documents/Dev/gertig-labs-2025/app/javascript/walk_good/components/About2.module.css"
2026-07-25T13:01:37.262392Z  INFO scan_sources: tailwindcss_oxide::scanner: Discovering "/Users/andrewgertig/Documents/Dev/gertig-labs-2025/app/javascript/walk_good/components/Header3.module.css"
2026-07-25T13:01:37.262400Z  INFO scan_sources: tailwindcss_oxide::scanner: Discovering "/Users/andrewgertig/Documents/Dev/gertig-labs-2025/app/javascript/walk_good/components/About2.tsx"
2026-07-25T13:01:37.262415Z  INFO scan_sources: tailwindcss_oxide::scanner: Discovering "/Users/andrewgertig/Documents/Dev/gertig-labs-2025/app/javascript/walk_good/assets"
2026-07-25T13:01:37.262431Z  INFO scan_sources: tailwindcss_oxide::scanner: Discovering "/Users/andrewgertig/Documents/Dev/gertig-labs-2025/app/javascript/walk_good/assets/vite_ruby.svg"
2026-07-25T13:01:37.262446Z  INFO scan_sources: tailwindcss_oxide::scanner: Discovering "/Users/andrewgertig/Documents/Dev/gertig-labs-2025/app/javascript/walk_good/assets/img"
2026-07-25T13:01:37.262474Z  INFO scan_sources: tailwindcss_oxide::scanner: Discovering "/Users/andrewgertig/Documents/Dev/gertig-labs-2025/app/javascript/walk_good/assets/img/footer"
2026-07-25T13:01:37.262499Z  INFO scan_sources: tailwindcss_oxide::scanner: Discovering "/Users/andrewgertig/Documents/Dev/gertig-labs-2025/app/javascript/walk_good/assets/img/about"
2026-07-25T13:01:37.262526Z  INFO scan_sources: tailwindcss_oxide::scanner: Discovering "/Users/andrewgertig/Documents/Dev/gertig-labs-2025/app/javascript/walk_good/assets/img/logo"
2026-07-25T13:01:37.262541Z  INFO scan_sources: tailwindcss_oxide::scanner: Discovering "/Users/andrewgertig/Documents/Dev/gertig-labs-2025/app/javascript/walk_good/assets/img/logo/white-log.svg"
2026-07-25T13:01:37.262550Z  INFO scan_sources: tailwindcss_oxide::scanner: Discovering "/Users/andrewgertig/Documents/Dev/gertig-labs-2025/app/javascript/walk_good/assets/img/logo/black-logo.svg"
2026-07-25T13:01:37.262566Z  INFO scan_sources: tailwindcss_oxide::scanner: Discovering "/Users/andrewgertig/Documents/Dev/gertig-labs-2025/app/javascript/walk_good/assets/img/hero"
2026-07-25T13:01:37.262583Z  INFO scan_sources: tailwindcss_oxide::scanner: Discovering "/Users/andrewgertig/Documents/Dev/gertig-labs-2025/app/javascript/walk_good/assets/react.svg"
2026-07-25T13:01:37.262590Z  INFO scan_sources: tailwindcss_oxide::scanner: Discovering "/Users/andrewgertig/Documents/Dev/gertig-labs-2025/app/javascript/walk_good/assets/inertia.svg"
2026-07-25T13:01:37.262605Z  INFO scan_sources: tailwindcss_oxide::scanner: Discovering "/Users/andrewgertig/Documents/Dev/gertig-labs-2025/app/javascript/walk_good/pages"
2026-07-25T13:01:37.262619Z  INFO scan_sources: tailwindcss_oxide::scanner: Discovering "/Users/andrewgertig/Documents/Dev/gertig-labs-2025/app/javascript/walk_good/pages/Index.tsx"
2026-07-25T13:01:37.262627Z  INFO scan_sources: tailwindcss_oxide::scanner: Discovering "/Users/andrewgertig/Documents/Dev/gertig-labs-2025/app/javascript/walk_good/pages/Old-Index.tsx"
2026-07-25T13:01:37.262635Z  INFO scan_sources: tailwindcss_oxide::scanner: Discovering "/Users/andrewgertig/Documents/Dev/gertig-labs-2025/app/javascript/walk_good/pages/Old-Index.module.css"
2026-07-25T13:01:37.262650Z  INFO scan_sources: tailwindcss_oxide::scanner: Discovering "/Users/andrewgertig/Documents/Dev/gertig-labs-2025/app/javascript/vite-env.d.ts"
2026-07-25T13:01:37.262665Z  INFO scan_sources: tailwindcss_oxide::scanner: Discovering "/Users/andrewgertig/Documents/Dev/gertig-labs-2025/app/javascript/entrypoints"
2026-07-25T13:01:37.262680Z  INFO scan_sources: tailwindcss_oxide::scanner: Discovering "/Users/andrewgertig/Documents/Dev/gertig-labs-2025/app/javascript/entrypoints/walk_good_application.js"
2026-07-25T13:01:37.262688Z  INFO scan_sources: tailwindcss_oxide::scanner: Discovering "/Users/andrewgertig/Documents/Dev/gertig-labs-2025/app/javascript/entrypoints/walk_good_application.css"
2026-07-25T13:01:37.262695Z  INFO scan_sources: tailwindcss_oxide::scanner: Discovering "/Users/andrewgertig/Documents/Dev/gertig-labs-2025/app/javascript/entrypoints/application.css"
2026-07-25T13:01:37.262703Z  INFO scan_sources: tailwindcss_oxide::scanner: Discovering "/Users/andrewgertig/Documents/Dev/gertig-labs-2025/app/javascript/entrypoints/walk_good_inertia.ts"
2026-07-25T13:01:37.262712Z  INFO scan_sources: tailwindcss_oxide::scanner: Discovering "/Users/andrewgertig/Documents/Dev/gertig-labs-2025/app/javascript/entrypoints/gertig_inertia.ts"
2026-07-25T13:01:37.262719Z  INFO scan_sources: tailwindcss_oxide::scanner: Discovering "/Users/andrewgertig/Documents/Dev/gertig-labs-2025/app/javascript/entrypoints/application.js"
2026-07-25T13:01:37.262728Z  INFO scan_sources: tailwindcss_oxide::scanner: Discovering "/Users/andrewgertig/Documents/Dev/gertig-labs-2025/app/javascript/application.js"
2026-07-25T13:01:37.262744Z  INFO scan_sources: tailwindcss_oxide::scanner: exit
2026-07-25T13:01:37.262747Z  INFO extract_candidates: tailwindcss_oxide::scanner: enter
2026-07-25T13:01:37.262749Z  INFO extract_candidates:read_all_files: tailwindcss_oxide::scanner: enter
2026-07-25T13:01:37.262751Z  INFO extract_candidates:read_all_files: tailwindcss_oxide::scanner: Reading 25 file(s)
2026-07-25T13:01:37.262921Z  INFO tailwindcss_oxide::scanner: Reading "/Users/andrewgertig/Documents/Dev/gertig-labs-2025/app/javascript/walk_good/components/Counter1.tsx"
2026-07-25T13:01:37.262956Z  INFO tailwindcss_oxide::scanner: Reading "/Users/andrewgertig/Documents/Dev/gertig-labs-2025/app/javascript/walk_good/components/HeroBanner2.tsx"
2026-07-25T13:01:37.263001Z  INFO tailwindcss_oxide::scanner: Reading "/Users/andrewgertig/Documents/Dev/gertig-labs-2025/app/javascript/walk_good/components/About2.tsx"
2026-07-25T13:01:37.263011Z  INFO tailwindcss_oxide::scanner: Reading "/Users/andrewgertig/Documents/Dev/gertig-labs-2025/app/javascript/walk_good/pages/Old-Index.tsx"
2026-07-25T13:01:37.263383Z  INFO tailwindcss_oxide::scanner: Reading "/Users/andrewgertig/Documents/Dev/gertig-labs-2025/app/javascript/gertig/controllers/index.js"
2026-07-25T13:01:37.263409Z  INFO tailwindcss_oxide::scanner: Reading "/Users/andrewgertig/Documents/Dev/gertig-labs-2025/app/javascript/gertig/pages/Index.tsx"
2026-07-25T13:01:37.263422Z  INFO tailwindcss_oxide::scanner: Reading "/Users/andrewgertig/Documents/Dev/gertig-labs-2025/app/javascript/gertig/assets/react.svg"
2026-07-25T13:01:37.263433Z  INFO tailwindcss_oxide::scanner: Reading "/Users/andrewgertig/Documents/Dev/gertig-labs-2025/app/javascript/gertig/controllers/hello_controller.js"
2026-07-25T13:01:37.263430Z  INFO tailwindcss_oxide::scanner: Reading "/Users/andrewgertig/Documents/Dev/gertig-labs-2025/app/javascript/walk_good/components/Footer1.tsx"
2026-07-25T13:01:37.263423Z  INFO tailwindcss_oxide::scanner: Reading "/Users/andrewgertig/Documents/Dev/gertig-labs-2025/app/javascript/gertig/assets/vite_ruby.svg"
2026-07-25T13:01:37.263435Z  INFO tailwindcss_oxide::scanner: Reading "/Users/andrewgertig/Documents/Dev/gertig-labs-2025/app/javascript/walk_good/assets/vite_ruby.svg"
2026-07-25T13:01:37.263456Z  INFO tailwindcss_oxide::scanner: Reading "/Users/andrewgertig/Documents/Dev/gertig-labs-2025/app/javascript/walk_good/pages/Index.tsx"
2026-07-25T13:01:37.263464Z  INFO tailwindcss_oxide::scanner: Reading "/Users/andrewgertig/Documents/Dev/gertig-labs-2025/app/javascript/walk_good/components/Header3.tsx"
2026-07-25T13:01:37.263464Z  INFO tailwindcss_oxide::scanner: Reading "/Users/andrewgertig/Documents/Dev/gertig-labs-2025/app/javascript/walk_good/assets/img/logo/white-log.svg"
2026-07-25T13:01:37.263487Z  INFO tailwindcss_oxide::scanner: Reading "/Users/andrewgertig/Documents/Dev/gertig-labs-2025/app/javascript/walk_good/assets/img/logo/black-logo.svg"
2026-07-25T13:01:37.263498Z  INFO tailwindcss_oxide::scanner: Reading "/Users/andrewgertig/Documents/Dev/gertig-labs-2025/app/javascript/walk_good/assets/react.svg"
2026-07-25T13:01:37.263505Z  INFO tailwindcss_oxide::scanner: Reading "/Users/andrewgertig/Documents/Dev/gertig-labs-2025/app/javascript/entrypoints/walk_good_inertia.ts"
2026-07-25T13:01:37.263511Z  INFO tailwindcss_oxide::scanner: Reading "/Users/andrewgertig/Documents/Dev/gertig-labs-2025/app/javascript/entrypoints/application.js"
2026-07-25T13:01:37.263512Z  INFO tailwindcss_oxide::scanner: Reading "/Users/andrewgertig/Documents/Dev/gertig-labs-2025/app/javascript/gertig/controllers/application.js"
2026-07-25T13:01:37.263519Z  INFO tailwindcss_oxide::scanner: Reading "/Users/andrewgertig/Documents/Dev/gertig-labs-2025/app/javascript/entrypoints/gertig_inertia.ts"
2026-07-25T13:01:37.263586Z  INFO tailwindcss_oxide::scanner: Reading "/Users/andrewgertig/Documents/Dev/gertig-labs-2025/app/javascript/entrypoints/walk_good_application.js"
2026-07-25T13:01:37.264162Z  INFO tailwindcss_oxide::scanner: Reading "/Users/andrewgertig/Documents/Dev/gertig-labs-2025/app/javascript/vite-env.d.ts"
2026-07-25T13:01:37.264460Z  INFO tailwindcss_oxide::scanner: Reading "/Users/andrewgertig/Documents/Dev/gertig-labs-2025/app/javascript/gertig/assets/inertia.svg"
2026-07-25T13:01:37.264462Z  INFO tailwindcss_oxide::scanner: Reading "/Users/andrewgertig/Documents/Dev/gertig-labs-2025/app/javascript/application.js"
2026-07-25T13:01:37.266119Z  INFO tailwindcss_oxide::scanner: Reading "/Users/andrewgertig/Documents/Dev/gertig-labs-2025/app/javascript/walk_good/assets/inertia.svg"
2026-07-25T13:01:37.266221Z  INFO extract_candidates:read_all_files: tailwindcss_oxide::scanner: exit
2026-07-25T13:01:37.266269Z  INFO extract_candidates:parse_all_blobs: tailwindcss_oxide::scanner: enter
2026-07-25T13:01:37.266279Z  INFO extract_candidates:parse_all_blobs:extract: tailwindcss_oxide::scanner: enter
2026-07-25T13:01:37.266825Z  INFO extract_candidates:parse_all_blobs:extract: tailwindcss_oxide::scanner: exit
2026-07-25T13:01:37.266832Z  INFO extract_candidates:parse_all_blobs: tailwindcss_oxide::scanner: exit
2026-07-25T13:01:37.266846Z  INFO extract_candidates:read_all_files: tailwindcss_oxide::scanner: enter
2026-07-25T13:01:37.266885Z  INFO extract_candidates:read_all_files: tailwindcss_oxide::scanner: Reading 11 file(s)
2026-07-25T13:01:37.266937Z  INFO tailwindcss_oxide::scanner: Reading "/Users/andrewgertig/Documents/Dev/gertig-labs-2025/app/javascript/walk_good/components/Footer1.module.css"
2026-07-25T13:01:37.266957Z  INFO tailwindcss_oxide::scanner: Reading "/Users/andrewgertig/Documents/Dev/gertig-labs-2025/app/javascript/entrypoints/walk_good_application.css"
2026-07-25T13:01:37.266965Z  INFO tailwindcss_oxide::scanner: Reading "/Users/andrewgertig/Documents/Dev/gertig-labs-2025/app/javascript/gertig/pages/Index.module.css"
2026-07-25T13:01:37.267001Z  INFO tailwindcss_oxide::scanner: Reading "/Users/andrewgertig/Documents/Dev/gertig-labs-2025/app/javascript/entrypoints/application.css"
2026-07-25T13:01:37.267023Z  INFO tailwindcss_oxide::scanner: Reading "/Users/andrewgertig/Documents/Dev/gertig-labs-2025/app/javascript/walk_good/components/Header3.module.css"
2026-07-25T13:01:37.267025Z  INFO tailwindcss_oxide::scanner: Reading "/Users/andrewgertig/Documents/Dev/gertig-labs-2025/app/javascript/walk_good/components/About2.module.css"
2026-07-25T13:01:37.267089Z  INFO tailwindcss_oxide::scanner: Reading "/Users/andrewgertig/Documents/Dev/gertig-labs-2025/app/javascript/walk_good/components/Counter1.module.css"
2026-07-25T13:01:37.267108Z  INFO tailwindcss_oxide::scanner: Reading "/Users/andrewgertig/Documents/Dev/gertig-labs-2025/app/javascript/walk_good/components/HeroBanner2.module.css"
2026-07-25T13:01:37.267121Z  INFO tailwindcss_oxide::scanner: Reading "/Users/andrewgertig/Documents/Dev/gertig-labs-2025/app/javascript/walk_good/styles/main.css"
2026-07-25T13:01:37.267129Z  INFO tailwindcss_oxide::scanner: Reading "/Users/andrewgertig/Documents/Dev/gertig-labs-2025/app/javascript/walk_good/pages/Old-Index.module.css"
2026-07-25T13:01:37.267146Z  INFO tailwindcss_oxide::scanner: Reading "/Users/andrewgertig/Documents/Dev/gertig-labs-2025/app/javascript/walk_good/styles/main-original.css"
2026-07-25T13:01:37.267179Z  INFO extract_candidates:read_all_files: tailwindcss_oxide::scanner: exit
2026-07-25T13:01:37.267197Z  INFO extract_candidates:extract_css_variables: tailwindcss_oxide::scanner: enter
2026-07-25T13:01:37.267204Z  INFO extract_candidates:extract_css_variables:extract: tailwindcss_oxide::scanner: enter
2026-07-25T13:01:37.267567Z  INFO extract_candidates:extract_css_variables:extract: tailwindcss_oxide::scanner: exit
2026-07-25T13:01:37.267573Z  INFO extract_candidates:extract_css_variables: tailwindcss_oxide::scanner: exit
2026-07-25T13:01:37.267775Z  INFO extract_candidates: tailwindcss_oxide::scanner: exit
2026-07-25T13:01:37.268141Z  INFO get_files: tailwindcss_oxide::scanner: enter
2026-07-25T13:01:37.268145Z  INFO get_files:scan_sources: tailwindcss_oxide::scanner: enter
2026-07-25T13:01:37.268474Z  INFO get_files:scan_sources: tailwindcss_oxide::scanner: Discovering "/Users/andrewgertig/Documents/Dev/gertig-labs-2025/app/javascript/gertig"
2026-07-25T13:01:37.268515Z  INFO get_files:scan_sources: tailwindcss_oxide::scanner: Discovering "/Users/andrewgertig/Documents/Dev/gertig-labs-2025/app/javascript/gertig/controllers"
2026-07-25T13:01:37.268572Z  INFO get_files:scan_sources: tailwindcss_oxide::scanner: Discovering "/Users/andrewgertig/Documents/Dev/gertig-labs-2025/app/javascript/gertig/assets"
2026-07-25T13:01:37.268619Z  INFO get_files:scan_sources: tailwindcss_oxide::scanner: Discovering "/Users/andrewgertig/Documents/Dev/gertig-labs-2025/app/javascript/gertig/pages"
2026-07-25T13:01:37.268656Z  INFO get_files:scan_sources: tailwindcss_oxide::scanner: Discovering "/Users/andrewgertig/Documents/Dev/gertig-labs-2025/app/javascript/walk_good"
2026-07-25T13:01:37.268678Z  INFO get_files:scan_sources: tailwindcss_oxide::scanner: Discovering "/Users/andrewgertig/Documents/Dev/gertig-labs-2025/app/javascript/walk_good/styles"
2026-07-25T13:01:37.268709Z  INFO get_files:scan_sources: tailwindcss_oxide::scanner: Discovering "/Users/andrewgertig/Documents/Dev/gertig-labs-2025/app/javascript/walk_good/components"
2026-07-25T13:01:37.268771Z  INFO get_files:scan_sources: tailwindcss_oxide::scanner: Discovering "/Users/andrewgertig/Documents/Dev/gertig-labs-2025/app/javascript/walk_good/assets"
2026-07-25T13:01:37.268797Z  INFO get_files:scan_sources: tailwindcss_oxide::scanner: Discovering "/Users/andrewgertig/Documents/Dev/gertig-labs-2025/app/javascript/walk_good/assets/img"
2026-07-25T13:01:37.268823Z  INFO get_files:scan_sources: tailwindcss_oxide::scanner: Discovering "/Users/andrewgertig/Documents/Dev/gertig-labs-2025/app/javascript/walk_good/assets/img/footer"
2026-07-25T13:01:37.268846Z  INFO get_files:scan_sources: tailwindcss_oxide::scanner: Discovering "/Users/andrewgertig/Documents/Dev/gertig-labs-2025/app/javascript/walk_good/assets/img/about"
2026-07-25T13:01:37.268872Z  INFO get_files:scan_sources: tailwindcss_oxide::scanner: Discovering "/Users/andrewgertig/Documents/Dev/gertig-labs-2025/app/javascript/walk_good/assets/img/logo"
2026-07-25T13:01:37.268904Z  INFO get_files:scan_sources: tailwindcss_oxide::scanner: Discovering "/Users/andrewgertig/Documents/Dev/gertig-labs-2025/app/javascript/walk_good/assets/img/hero"
2026-07-25T13:01:37.268934Z  INFO get_files:scan_sources: tailwindcss_oxide::scanner: Discovering "/Users/andrewgertig/Documents/Dev/gertig-labs-2025/app/javascript/walk_good/pages"
2026-07-25T13:01:37.268982Z  INFO get_files:scan_sources: tailwindcss_oxide::scanner: Discovering "/Users/andrewgertig/Documents/Dev/gertig-labs-2025/app/javascript/entrypoints"
2026-07-25T13:01:37.269036Z  INFO get_files:scan_sources: tailwindcss_oxide::scanner: exit
2026-07-25T13:01:37.269134Z  INFO get_files: tailwindcss_oxide::scanner: exit
2026-07-25T13:01:37.269194Z  INFO get_globs: tailwindcss_oxide::scanner: enter
2026-07-25T13:01:37.269198Z  INFO get_globs:scan_sources: tailwindcss_oxide::scanner: enter
2026-07-25T13:01:37.269421Z  INFO get_globs:scan_sources: tailwindcss_oxide::scanner: Discovering "/Users/andrewgertig/Documents/Dev/gertig-labs-2025/app/javascript/gertig"
2026-07-25T13:01:37.269450Z  INFO get_globs:scan_sources: tailwindcss_oxide::scanner: Discovering "/Users/andrewgertig/Documents/Dev/gertig-labs-2025/app/javascript/gertig/controllers"
2026-07-25T13:01:37.269496Z  INFO get_globs:scan_sources: tailwindcss_oxide::scanner: Discovering "/Users/andrewgertig/Documents/Dev/gertig-labs-2025/app/javascript/gertig/assets"
2026-07-25T13:01:37.269534Z  INFO get_globs:scan_sources: tailwindcss_oxide::scanner: Discovering "/Users/andrewgertig/Documents/Dev/gertig-labs-2025/app/javascript/gertig/pages"
2026-07-25T13:01:37.269567Z  INFO get_globs:scan_sources: tailwindcss_oxide::scanner: Discovering "/Users/andrewgertig/Documents/Dev/gertig-labs-2025/app/javascript/walk_good"
2026-07-25T13:01:37.269587Z  INFO get_globs:scan_sources: tailwindcss_oxide::scanner: Discovering "/Users/andrewgertig/Documents/Dev/gertig-labs-2025/app/javascript/walk_good/styles"
2026-07-25T13:01:37.269618Z  INFO get_globs:scan_sources: tailwindcss_oxide::scanner: Discovering "/Users/andrewgertig/Documents/Dev/gertig-labs-2025/app/javascript/walk_good/components"
2026-07-25T13:01:37.269675Z  INFO get_globs:scan_sources: tailwindcss_oxide::scanner: Discovering "/Users/andrewgertig/Documents/Dev/gertig-labs-2025/app/javascript/walk_good/assets"
2026-07-25T13:01:37.269698Z  INFO get_globs:scan_sources: tailwindcss_oxide::scanner: Discovering "/Users/andrewgertig/Documents/Dev/gertig-labs-2025/app/javascript/walk_good/assets/img"
2026-07-25T13:01:37.269722Z  INFO get_globs:scan_sources: tailwindcss_oxide::scanner: Discovering "/Users/andrewgertig/Documents/Dev/gertig-labs-2025/app/javascript/walk_good/assets/img/footer"
2026-07-25T13:01:37.269745Z  INFO get_globs:scan_sources: tailwindcss_oxide::scanner: Discovering "/Users/andrewgertig/Documents/Dev/gertig-labs-2025/app/javascript/walk_good/assets/img/about"
2026-07-25T13:01:37.269769Z  INFO get_globs:scan_sources: tailwindcss_oxide::scanner: Discovering "/Users/andrewgertig/Documents/Dev/gertig-labs-2025/app/javascript/walk_good/assets/img/logo"
2026-07-25T13:01:37.269798Z  INFO get_globs:scan_sources: tailwindcss_oxide::scanner: Discovering "/Users/andrewgertig/Documents/Dev/gertig-labs-2025/app/javascript/walk_good/assets/img/hero"
2026-07-25T13:01:37.269831Z  INFO get_globs:scan_sources: tailwindcss_oxide::scanner: Discovering "/Users/andrewgertig/Documents/Dev/gertig-labs-2025/app/javascript/walk_good/pages"
2026-07-25T13:01:37.269868Z  INFO get_globs:scan_sources: tailwindcss_oxide::scanner: Discovering "/Users/andrewgertig/Documents/Dev/gertig-labs-2025/app/javascript/entrypoints"
2026-07-25T13:01:37.269912Z  INFO get_globs:scan_sources: tailwindcss_oxide::scanner: exit
2026-07-25T13:01:37.270265Z  INFO get_globs: tailwindcss_oxide::scanner: exit
2026-07-25T13:01:37.275057Z  INFO tailwindcss_oxide::scanner: Provided sources:
2026-07-25T13:01:37.275065Z  INFO tailwindcss_oxide::scanner: Source: PublicSourceEntry { base: "/Users/andrewgertig/Documents/Dev/gertig-labs-2025/app/javascript", pattern: "**/*", negated: false }
2026-07-25T13:01:37.275095Z  INFO tailwindcss_oxide::scanner: Optimized sources:
2026-07-25T13:01:37.275097Z  INFO tailwindcss_oxide::scanner: Source: Auto { base: "/Users/andrewgertig/Documents/Dev/gertig-labs-2025/app/javascript" }
2026-07-25T13:01:37.275133Z  INFO scan_sources: tailwindcss_oxide::scanner: enter
2026-07-25T13:01:37.275388Z  INFO scan_sources: tailwindcss_oxide::scanner: Discovering "/Users/andrewgertig/Documents/Dev/gertig-labs-2025/app/javascript/gertig"
2026-07-25T13:01:37.275416Z  INFO scan_sources: tailwindcss_oxide::scanner: Discovering "/Users/andrewgertig/Documents/Dev/gertig-labs-2025/app/javascript/gertig/controllers"
2026-07-25T13:01:37.275444Z  INFO scan_sources: tailwindcss_oxide::scanner: Discovering "/Users/andrewgertig/Documents/Dev/gertig-labs-2025/app/javascript/gertig/controllers/hello_controller.js"
2026-07-25T13:01:37.275455Z  INFO scan_sources: tailwindcss_oxide::scanner: Discovering "/Users/andrewgertig/Documents/Dev/gertig-labs-2025/app/javascript/gertig/controllers/index.js"
2026-07-25T13:01:37.275464Z  INFO scan_sources: tailwindcss_oxide::scanner: Discovering "/Users/andrewgertig/Documents/Dev/gertig-labs-2025/app/javascript/gertig/controllers/application.js"
2026-07-25T13:01:37.275480Z  INFO scan_sources: tailwindcss_oxide::scanner: Discovering "/Users/andrewgertig/Documents/Dev/gertig-labs-2025/app/javascript/gertig/assets"
2026-07-25T13:01:37.275499Z  INFO scan_sources: tailwindcss_oxide::scanner: Discovering "/Users/andrewgertig/Documents/Dev/gertig-labs-2025/app/javascript/gertig/assets/vite_ruby.svg"
2026-07-25T13:01:37.275508Z  INFO scan_sources: tailwindcss_oxide::scanner: Discovering "/Users/andrewgertig/Documents/Dev/gertig-labs-2025/app/javascript/gertig/assets/react.svg"
2026-07-25T13:01:37.275515Z  INFO scan_sources: tailwindcss_oxide::scanner: Discovering "/Users/andrewgertig/Documents/Dev/gertig-labs-2025/app/javascript/gertig/assets/inertia.svg"
2026-07-25T13:01:37.275531Z  INFO scan_sources: tailwindcss_oxide::scanner: Discovering "/Users/andrewgertig/Documents/Dev/gertig-labs-2025/app/javascript/gertig/pages"
2026-07-25T13:01:37.275548Z  INFO scan_sources: tailwindcss_oxide::scanner: Discovering "/Users/andrewgertig/Documents/Dev/gertig-labs-2025/app/javascript/gertig/pages/Index.tsx"
2026-07-25T13:01:37.275557Z  INFO scan_sources: tailwindcss_oxide::scanner: Discovering "/Users/andrewgertig/Documents/Dev/gertig-labs-2025/app/javascript/gertig/pages/Index.module.css"
2026-07-25T13:01:37.275574Z  INFO scan_sources: tailwindcss_oxide::scanner: Discovering "/Users/andrewgertig/Documents/Dev/gertig-labs-2025/app/javascript/walk_good"
2026-07-25T13:01:37.275596Z  INFO scan_sources: tailwindcss_oxide::scanner: Discovering "/Users/andrewgertig/Documents/Dev/gertig-labs-2025/app/javascript/walk_good/styles"
2026-07-25T13:01:37.275613Z  INFO scan_sources: tailwindcss_oxide::scanner: Discovering "/Users/andrewgertig/Documents/Dev/gertig-labs-2025/app/javascript/walk_good/styles/main.css"
2026-07-25T13:01:37.275621Z  INFO scan_sources: tailwindcss_oxide::scanner: Discovering "/Users/andrewgertig/Documents/Dev/gertig-labs-2025/app/javascript/walk_good/styles/main-original.css"
2026-07-25T13:01:37.275637Z  INFO scan_sources: tailwindcss_oxide::scanner: Discovering "/Users/andrewgertig/Documents/Dev/gertig-labs-2025/app/javascript/walk_good/components"
2026-07-25T13:01:37.275655Z  INFO scan_sources: tailwindcss_oxide::scanner: Discovering "/Users/andrewgertig/Documents/Dev/gertig-labs-2025/app/javascript/walk_good/components/Footer1.tsx"
2026-07-25T13:01:37.275666Z  INFO scan_sources: tailwindcss_oxide::scanner: Discovering "/Users/andrewgertig/Documents/Dev/gertig-labs-2025/app/javascript/walk_good/components/Header3.tsx"
2026-07-25T13:01:37.275674Z  INFO scan_sources: tailwindcss_oxide::scanner: Discovering "/Users/andrewgertig/Documents/Dev/gertig-labs-2025/app/javascript/walk_good/components/HeroBanner2.module.css"
2026-07-25T13:01:37.275685Z  INFO scan_sources: tailwindcss_oxide::scanner: Discovering "/Users/andrewgertig/Documents/Dev/gertig-labs-2025/app/javascript/walk_good/components/Counter1.tsx"
2026-07-25T13:01:37.275697Z  INFO scan_sources: tailwindcss_oxide::scanner: Discovering "/Users/andrewgertig/Documents/Dev/gertig-labs-2025/app/javascript/walk_good/components/HeroBanner2.tsx"
2026-07-25T13:01:37.275710Z  INFO scan_sources: tailwindcss_oxide::scanner: Discovering "/Users/andrewgertig/Documents/Dev/gertig-labs-2025/app/javascript/walk_good/components/Counter1.module.css"
2026-07-25T13:01:37.275720Z  INFO scan_sources: tailwindcss_oxide::scanner: Discovering "/Users/andrewgertig/Documents/Dev/gertig-labs-2025/app/javascript/walk_good/components/Footer1.module.css"
2026-07-25T13:01:37.275745Z  INFO scan_sources: tailwindcss_oxide::scanner: Discovering "/Users/andrewgertig/Documents/Dev/gertig-labs-2025/app/javascript/walk_good/components/About2.module.css"
2026-07-25T13:01:37.275754Z  INFO scan_sources: tailwindcss_oxide::scanner: Discovering "/Users/andrewgertig/Documents/Dev/gertig-labs-2025/app/javascript/walk_good/components/Header3.module.css"
2026-07-25T13:01:37.275762Z  INFO scan_sources: tailwindcss_oxide::scanner: Discovering "/Users/andrewgertig/Documents/Dev/gertig-labs-2025/app/javascript/walk_good/components/About2.tsx"
2026-07-25T13:01:37.275777Z  INFO scan_sources: tailwindcss_oxide::scanner: Discovering "/Users/andrewgertig/Documents/Dev/gertig-labs-2025/app/javascript/walk_good/assets"
2026-07-25T13:01:37.275795Z  INFO scan_sources: tailwindcss_oxide::scanner: Discovering "/Users/andrewgertig/Documents/Dev/gertig-labs-2025/app/javascript/walk_good/assets/vite_ruby.svg"
2026-07-25T13:01:37.275814Z  INFO scan_sources: tailwindcss_oxide::scanner: Discovering "/Users/andrewgertig/Documents/Dev/gertig-labs-2025/app/javascript/walk_good/assets/img"
2026-07-25T13:01:37.275846Z  INFO scan_sources: tailwindcss_oxide::scanner: Discovering "/Users/andrewgertig/Documents/Dev/gertig-labs-2025/app/javascript/walk_good/assets/img/footer"
2026-07-25T13:01:37.275875Z  INFO scan_sources: tailwindcss_oxide::scanner: Discovering "/Users/andrewgertig/Documents/Dev/gertig-labs-2025/app/javascript/walk_good/assets/img/about"
2026-07-25T13:01:37.275906Z  INFO scan_sources: tailwindcss_oxide::scanner: Discovering "/Users/andrewgertig/Documents/Dev/gertig-labs-2025/app/javascript/walk_good/assets/img/logo"
2026-07-25T13:01:37.275922Z  INFO scan_sources: tailwindcss_oxide::scanner: Discovering "/Users/andrewgertig/Documents/Dev/gertig-labs-2025/app/javascript/walk_good/assets/img/logo/white-log.svg"
2026-07-25T13:01:37.275931Z  INFO scan_sources: tailwindcss_oxide::scanner: Discovering "/Users/andrewgertig/Documents/Dev/gertig-labs-2025/app/javascript/walk_good/assets/img/logo/black-logo.svg"
2026-07-25T13:01:37.275947Z  INFO scan_sources: tailwindcss_oxide::scanner: Discovering "/Users/andrewgertig/Documents/Dev/gertig-labs-2025/app/javascript/walk_good/assets/img/hero"
2026-07-25T13:01:37.275963Z  INFO scan_sources: tailwindcss_oxide::scanner: Discovering "/Users/andrewgertig/Documents/Dev/gertig-labs-2025/app/javascript/walk_good/assets/react.svg"
2026-07-25T13:01:37.275971Z  INFO scan_sources: tailwindcss_oxide::scanner: Discovering "/Users/andrewgertig/Documents/Dev/gertig-labs-2025/app/javascript/walk_good/assets/inertia.svg"
2026-07-25T13:01:37.275986Z  INFO scan_sources: tailwindcss_oxide::scanner: Discovering "/Users/andrewgertig/Documents/Dev/gertig-labs-2025/app/javascript/walk_good/pages"
2026-07-25T13:01:37.276000Z  INFO scan_sources: tailwindcss_oxide::scanner: Discovering "/Users/andrewgertig/Documents/Dev/gertig-labs-2025/app/javascript/walk_good/pages/Index.tsx"
2026-07-25T13:01:37.276008Z  INFO scan_sources: tailwindcss_oxide::scanner: Discovering "/Users/andrewgertig/Documents/Dev/gertig-labs-2025/app/javascript/walk_good/pages/Old-Index.tsx"
2026-07-25T13:01:37.276017Z  INFO scan_sources: tailwindcss_oxide::scanner: Discovering "/Users/andrewgertig/Documents/Dev/gertig-labs-2025/app/javascript/walk_good/pages/Old-Index.module.css"
2026-07-25T13:01:37.276031Z  INFO scan_sources: tailwindcss_oxide::scanner: Discovering "/Users/andrewgertig/Documents/Dev/gertig-labs-2025/app/javascript/vite-env.d.ts"
2026-07-25T13:01:37.276046Z  INFO scan_sources: tailwindcss_oxide::scanner: Discovering "/Users/andrewgertig/Documents/Dev/gertig-labs-2025/app/javascript/entrypoints"
2026-07-25T13:01:37.276062Z  INFO scan_sources: tailwindcss_oxide::scanner: Discovering "/Users/andrewgertig/Documents/Dev/gertig-labs-2025/app/javascript/entrypoints/walk_good_application.js"
2026-07-25T13:01:37.276074Z  INFO scan_sources: tailwindcss_oxide::scanner: Discovering "/Users/andrewgertig/Documents/Dev/gertig-labs-2025/app/javascript/entrypoints/walk_good_application.css"
2026-07-25T13:01:37.276083Z  INFO scan_sources: tailwindcss_oxide::scanner: Discovering "/Users/andrewgertig/Documents/Dev/gertig-labs-2025/app/javascript/entrypoints/application.css"
2026-07-25T13:01:37.276091Z  INFO scan_sources: tailwindcss_oxide::scanner: Discovering "/Users/andrewgertig/Documents/Dev/gertig-labs-2025/app/javascript/entrypoints/walk_good_inertia.ts"
2026-07-25T13:01:37.276099Z  INFO scan_sources: tailwindcss_oxide::scanner: Discovering "/Users/andrewgertig/Documents/Dev/gertig-labs-2025/app/javascript/entrypoints/gertig_inertia.ts"
2026-07-25T13:01:37.276106Z  INFO scan_sources: tailwindcss_oxide::scanner: Discovering "/Users/andrewgertig/Documents/Dev/gertig-labs-2025/app/javascript/entrypoints/application.js"
2026-07-25T13:01:37.276116Z  INFO scan_sources: tailwindcss_oxide::scanner: Discovering "/Users/andrewgertig/Documents/Dev/gertig-labs-2025/app/javascript/application.js"
2026-07-25T13:01:37.276130Z  INFO scan_sources: tailwindcss_oxide::scanner: exit
2026-07-25T13:01:37.276134Z  INFO extract_candidates: tailwindcss_oxide::scanner: enter
2026-07-25T13:01:37.276136Z  INFO extract_candidates:read_all_files: tailwindcss_oxide::scanner: enter
2026-07-25T13:01:37.276138Z  INFO extract_candidates:read_all_files: tailwindcss_oxide::scanner: Reading 25 file(s)
2026-07-25T13:01:37.276185Z  INFO tailwindcss_oxide::scanner: Reading "/Users/andrewgertig/Documents/Dev/gertig-labs-2025/app/javascript/gertig/controllers/hello_controller.js"
2026-07-25T13:01:37.276241Z  INFO tailwindcss_oxide::scanner: Reading "/Users/andrewgertig/Documents/Dev/gertig-labs-2025/app/javascript/gertig/controllers/index.js"
2026-07-25T13:01:37.276286Z  INFO tailwindcss_oxide::scanner: Reading "/Users/andrewgertig/Documents/Dev/gertig-labs-2025/app/javascript/walk_good/assets/img/logo/black-logo.svg"
2026-07-25T13:01:37.276286Z  INFO tailwindcss_oxide::scanner: Reading "/Users/andrewgertig/Documents/Dev/gertig-labs-2025/app/javascript/gertig/controllers/application.js"
2026-07-25T13:01:37.276347Z  INFO tailwindcss_oxide::scanner: Reading "/Users/andrewgertig/Documents/Dev/gertig-labs-2025/app/javascript/walk_good/components/HeroBanner2.tsx"
2026-07-25T13:01:37.276351Z  INFO tailwindcss_oxide::scanner: Reading "/Users/andrewgertig/Documents/Dev/gertig-labs-2025/app/javascript/walk_good/components/Footer1.tsx"
2026-07-25T13:01:37.276354Z  INFO tailwindcss_oxide::scanner: Reading "/Users/andrewgertig/Documents/Dev/gertig-labs-2025/app/javascript/walk_good/components/Counter1.tsx"
2026-07-25T13:01:37.276348Z  INFO tailwindcss_oxide::scanner: Reading "/Users/andrewgertig/Documents/Dev/gertig-labs-2025/app/javascript/walk_good/pages/Old-Index.tsx"
2026-07-25T13:01:37.276353Z  INFO tailwindcss_oxide::scanner: Reading "/Users/andrewgertig/Documents/Dev/gertig-labs-2025/app/javascript/gertig/assets/vite_ruby.svg"
2026-07-25T13:01:37.276353Z  INFO tailwindcss_oxide::scanner: Reading "/Users/andrewgertig/Documents/Dev/gertig-labs-2025/app/javascript/gertig/pages/Index.tsx"
2026-07-25T13:01:37.276287Z  INFO tailwindcss_oxide::scanner: Reading "/Users/andrewgertig/Documents/Dev/gertig-labs-2025/app/javascript/walk_good/assets/vite_ruby.svg"
2026-07-25T13:01:37.276428Z  INFO tailwindcss_oxide::scanner: Reading "/Users/andrewgertig/Documents/Dev/gertig-labs-2025/app/javascript/walk_good/assets/react.svg"
2026-07-25T13:01:37.276419Z  INFO tailwindcss_oxide::scanner: Reading "/Users/andrewgertig/Documents/Dev/gertig-labs-2025/app/javascript/entrypoints/application.js"
2026-07-25T13:01:37.276416Z  INFO tailwindcss_oxide::scanner: Reading "/Users/andrewgertig/Documents/Dev/gertig-labs-2025/app/javascript/walk_good/components/Header3.tsx"
2026-07-25T13:01:37.276420Z  INFO tailwindcss_oxide::scanner: Reading "/Users/andrewgertig/Documents/Dev/gertig-labs-2025/app/javascript/vite-env.d.ts"
2026-07-25T13:01:37.276430Z  INFO tailwindcss_oxide::scanner: Reading "/Users/andrewgertig/Documents/Dev/gertig-labs-2025/app/javascript/walk_good/components/About2.tsx"
2026-07-25T13:01:37.276352Z  INFO tailwindcss_oxide::scanner: Reading "/Users/andrewgertig/Documents/Dev/gertig-labs-2025/app/javascript/walk_good/assets/img/logo/white-log.svg"
2026-07-25T13:01:37.276416Z  INFO tailwindcss_oxide::scanner: Reading "/Users/andrewgertig/Documents/Dev/gertig-labs-2025/app/javascript/entrypoints/walk_good_inertia.ts"
2026-07-25T13:01:37.276528Z  INFO tailwindcss_oxide::scanner: Reading "/Users/andrewgertig/Documents/Dev/gertig-labs-2025/app/javascript/walk_good/pages/Index.tsx"
2026-07-25T13:01:37.276533Z  INFO tailwindcss_oxide::scanner: Reading "/Users/andrewgertig/Documents/Dev/gertig-labs-2025/app/javascript/gertig/assets/inertia.svg"
2026-07-25T13:01:37.276542Z  INFO tailwindcss_oxide::scanner: Reading "/Users/andrewgertig/Documents/Dev/gertig-labs-2025/app/javascript/entrypoints/walk_good_application.js"
2026-07-25T13:01:37.276544Z  INFO tailwindcss_oxide::scanner: Reading "/Users/andrewgertig/Documents/Dev/gertig-labs-2025/app/javascript/application.js"
2026-07-25T13:01:37.276580Z  INFO tailwindcss_oxide::scanner: Reading "/Users/andrewgertig/Documents/Dev/gertig-labs-2025/app/javascript/walk_good/assets/inertia.svg"
2026-07-25T13:01:37.276592Z  INFO tailwindcss_oxide::scanner: Reading "/Users/andrewgertig/Documents/Dev/gertig-labs-2025/app/javascript/entrypoints/gertig_inertia.ts"
2026-07-25T13:01:37.276592Z  INFO tailwindcss_oxide::scanner: Reading "/Users/andrewgertig/Documents/Dev/gertig-labs-2025/app/javascript/gertig/assets/react.svg"
2026-07-25T13:01:37.276632Z  INFO extract_candidates:read_all_files: tailwindcss_oxide::scanner: exit
2026-07-25T13:01:37.276635Z  INFO extract_candidates:parse_all_blobs: tailwindcss_oxide::scanner: enter
2026-07-25T13:01:37.276638Z  INFO extract_candidates:parse_all_blobs:extract: tailwindcss_oxide::scanner: enter
2026-07-25T13:01:37.277006Z  INFO extract_candidates:parse_all_blobs:extract: tailwindcss_oxide::scanner: exit
2026-07-25T13:01:37.277012Z  INFO extract_candidates:parse_all_blobs: tailwindcss_oxide::scanner: exit
2026-07-25T13:01:37.277015Z  INFO extract_candidates:read_all_files: tailwindcss_oxide::scanner: enter
2026-07-25T13:01:37.277017Z  INFO extract_candidates:read_all_files: tailwindcss_oxide::scanner: Reading 11 file(s)
2026-07-25T13:01:37.277075Z  INFO tailwindcss_oxide::scanner: Reading "/Users/andrewgertig/Documents/Dev/gertig-labs-2025/app/javascript/walk_good/components/Footer1.module.css"
2026-07-25T13:01:37.277127Z  INFO tailwindcss_oxide::scanner: Reading "/Users/andrewgertig/Documents/Dev/gertig-labs-2025/app/javascript/walk_good/components/Header3.module.css"
2026-07-25T13:01:37.277130Z  INFO tailwindcss_oxide::scanner: Reading "/Users/andrewgertig/Documents/Dev/gertig-labs-2025/app/javascript/gertig/pages/Index.module.css"
2026-07-25T13:01:37.277129Z  INFO tailwindcss_oxide::scanner: Reading "/Users/andrewgertig/Documents/Dev/gertig-labs-2025/app/javascript/entrypoints/walk_good_application.css"
2026-07-25T13:01:37.277075Z  INFO tailwindcss_oxide::scanner: Reading "/Users/andrewgertig/Documents/Dev/gertig-labs-2025/app/javascript/walk_good/pages/Old-Index.module.css"
2026-07-25T13:01:37.277132Z  INFO tailwindcss_oxide::scanner: Reading "/Users/andrewgertig/Documents/Dev/gertig-labs-2025/app/javascript/walk_good/components/About2.module.css"
2026-07-25T13:01:37.277129Z  INFO tailwindcss_oxide::scanner: Reading "/Users/andrewgertig/Documents/Dev/gertig-labs-2025/app/javascript/entrypoints/application.css"
2026-07-25T13:01:37.277076Z  INFO tailwindcss_oxide::scanner: Reading "/Users/andrewgertig/Documents/Dev/gertig-labs-2025/app/javascript/walk_good/styles/main.css"
2026-07-25T13:01:37.277127Z  INFO tailwindcss_oxide::scanner: Reading "/Users/andrewgertig/Documents/Dev/gertig-labs-2025/app/javascript/walk_good/components/HeroBanner2.module.css"
2026-07-25T13:01:37.277209Z  INFO tailwindcss_oxide::scanner: Reading "/Users/andrewgertig/Documents/Dev/gertig-labs-2025/app/javascript/walk_good/components/Counter1.module.css"
2026-07-25T13:01:37.277214Z  INFO tailwindcss_oxide::scanner: Reading "/Users/andrewgertig/Documents/Dev/gertig-labs-2025/app/javascript/walk_good/styles/main-original.css"
2026-07-25T13:01:37.277264Z  INFO extract_candidates:read_all_files: tailwindcss_oxide::scanner: exit
2026-07-25T13:01:37.277268Z  INFO extract_candidates:extract_css_variables: tailwindcss_oxide::scanner: enter
2026-07-25T13:01:37.277270Z  INFO extract_candidates:extract_css_variables:extract: tailwindcss_oxide::scanner: enter
2026-07-25T13:01:37.277532Z  INFO extract_candidates:extract_css_variables:extract: tailwindcss_oxide::scanner: exit
2026-07-25T13:01:37.277536Z  INFO extract_candidates:extract_css_variables: tailwindcss_oxide::scanner: exit
2026-07-25T13:01:37.277724Z  INFO extract_candidates: tailwindcss_oxide::scanner: exit
2026-07-25T13:01:37.277919Z  INFO get_files: tailwindcss_oxide::scanner: enter
2026-07-25T13:01:37.277923Z  INFO get_files:scan_sources: tailwindcss_oxide::scanner: enter
2026-07-25T13:01:37.278139Z  INFO get_files:scan_sources: tailwindcss_oxide::scanner: Discovering "/Users/andrewgertig/Documents/Dev/gertig-labs-2025/app/javascript/gertig"
2026-07-25T13:01:37.278167Z  INFO get_files:scan_sources: tailwindcss_oxide::scanner: Discovering "/Users/andrewgertig/Documents/Dev/gertig-labs-2025/app/javascript/gertig/controllers"
2026-07-25T13:01:37.278220Z  INFO get_files:scan_sources: tailwindcss_oxide::scanner: Discovering "/Users/andrewgertig/Documents/Dev/gertig-labs-2025/app/javascript/gertig/assets"
2026-07-25T13:01:37.278259Z  INFO get_files:scan_sources: tailwindcss_oxide::scanner: Discovering "/Users/andrewgertig/Documents/Dev/gertig-labs-2025/app/javascript/gertig/pages"
2026-07-25T13:01:37.278296Z  INFO get_files:scan_sources: tailwindcss_oxide::scanner: Discovering "/Users/andrewgertig/Documents/Dev/gertig-labs-2025/app/javascript/walk_good"
2026-07-25T13:01:37.278319Z  INFO get_files:scan_sources: tailwindcss_oxide::scanner: Discovering "/Users/andrewgertig/Documents/Dev/gertig-labs-2025/app/javascript/walk_good/styles"
2026-07-25T13:01:37.278347Z  INFO get_files:scan_sources: tailwindcss_oxide::scanner: Discovering "/Users/andrewgertig/Documents/Dev/gertig-labs-2025/app/javascript/walk_good/components"
2026-07-25T13:01:37.278403Z  INFO get_files:scan_sources: tailwindcss_oxide::scanner: Discovering "/Users/andrewgertig/Documents/Dev/gertig-labs-2025/app/javascript/walk_good/assets"
2026-07-25T13:01:37.278426Z  INFO get_files:scan_sources: tailwindcss_oxide::scanner: Discovering "/Users/andrewgertig/Documents/Dev/gertig-labs-2025/app/javascript/walk_good/assets/img"
2026-07-25T13:01:37.278450Z  INFO get_files:scan_sources: tailwindcss_oxide::scanner: Discovering "/Users/andrewgertig/Documents/Dev/gertig-labs-2025/app/javascript/walk_good/assets/img/footer"
2026-07-25T13:01:37.278471Z  INFO get_files:scan_sources: tailwindcss_oxide::scanner: Discovering "/Users/andrewgertig/Documents/Dev/gertig-labs-2025/app/javascript/walk_good/assets/img/about"
2026-07-25T13:01:37.278496Z  INFO get_files:scan_sources: tailwindcss_oxide::scanner: Discovering "/Users/andrewgertig/Documents/Dev/gertig-labs-2025/app/javascript/walk_good/assets/img/logo"
2026-07-25T13:01:37.278525Z  INFO get_files:scan_sources: tailwindcss_oxide::scanner: Discovering "/Users/andrewgertig/Documents/Dev/gertig-labs-2025/app/javascript/walk_good/assets/img/hero"
2026-07-25T13:01:37.278554Z  INFO get_files:scan_sources: tailwindcss_oxide::scanner: Discovering "/Users/andrewgertig/Documents/Dev/gertig-labs-2025/app/javascript/walk_good/pages"
2026-07-25T13:01:37.278588Z  INFO get_files:scan_sources: tailwindcss_oxide::scanner: Discovering "/Users/andrewgertig/Documents/Dev/gertig-labs-2025/app/javascript/entrypoints"
2026-07-25T13:01:37.278632Z  INFO get_files:scan_sources: tailwindcss_oxide::scanner: exit
2026-07-25T13:01:37.278717Z  INFO get_files: tailwindcss_oxide::scanner: exit
2026-07-25T13:01:37.278753Z  INFO get_globs: tailwindcss_oxide::scanner: enter
2026-07-25T13:01:37.278756Z  INFO get_globs:scan_sources: tailwindcss_oxide::scanner: enter
2026-07-25T13:01:37.278959Z  INFO get_globs:scan_sources: tailwindcss_oxide::scanner: Discovering "/Users/andrewgertig/Documents/Dev/gertig-labs-2025/app/javascript/gertig"
2026-07-25T13:01:37.278982Z  INFO get_globs:scan_sources: tailwindcss_oxide::scanner: Discovering "/Users/andrewgertig/Documents/Dev/gertig-labs-2025/app/javascript/gertig/controllers"
2026-07-25T13:01:37.279025Z  INFO get_globs:scan_sources: tailwindcss_oxide::scanner: Discovering "/Users/andrewgertig/Documents/Dev/gertig-labs-2025/app/javascript/gertig/assets"
2026-07-25T13:01:37.279059Z  INFO get_globs:scan_sources: tailwindcss_oxide::scanner: Discovering "/Users/andrewgertig/Documents/Dev/gertig-labs-2025/app/javascript/gertig/pages"
2026-07-25T13:01:37.279090Z  INFO get_globs:scan_sources: tailwindcss_oxide::scanner: Discovering "/Users/andrewgertig/Documents/Dev/gertig-labs-2025/app/javascript/walk_good"
2026-07-25T13:01:37.279110Z  INFO get_globs:scan_sources: tailwindcss_oxide::scanner: Discovering "/Users/andrewgertig/Documents/Dev/gertig-labs-2025/app/javascript/walk_good/styles"
2026-07-25T13:01:37.279138Z  INFO get_globs:scan_sources: tailwindcss_oxide::scanner: Discovering "/Users/andrewgertig/Documents/Dev/gertig-labs-2025/app/javascript/walk_good/components"
2026-07-25T13:01:37.279193Z  INFO get_globs:scan_sources: tailwindcss_oxide::scanner: Discovering "/Users/andrewgertig/Documents/Dev/gertig-labs-2025/app/javascript/walk_good/assets"
2026-07-25T13:01:37.279216Z  INFO get_globs:scan_sources: tailwindcss_oxide::scanner: Discovering "/Users/andrewgertig/Documents/Dev/gertig-labs-2025/app/javascript/walk_good/assets/img"
2026-07-25T13:01:37.279239Z  INFO get_globs:scan_sources: tailwindcss_oxide::scanner: Discovering "/Users/andrewgertig/Documents/Dev/gertig-labs-2025/app/javascript/walk_good/assets/img/footer"
2026-07-25T13:01:37.279261Z  INFO get_globs:scan_sources: tailwindcss_oxide::scanner: Discovering "/Users/andrewgertig/Documents/Dev/gertig-labs-2025/app/javascript/walk_good/assets/img/about"
2026-07-25T13:01:37.279285Z  INFO get_globs:scan_sources: tailwindcss_oxide::scanner: Discovering "/Users/andrewgertig/Documents/Dev/gertig-labs-2025/app/javascript/walk_good/assets/img/logo"
2026-07-25T13:01:37.279313Z  INFO get_globs:scan_sources: tailwindcss_oxide::scanner: Discovering "/Users/andrewgertig/Documents/Dev/gertig-labs-2025/app/javascript/walk_good/assets/img/hero"
2026-07-25T13:01:37.279342Z  INFO get_globs:scan_sources: tailwindcss_oxide::scanner: Discovering "/Users/andrewgertig/Documents/Dev/gertig-labs-2025/app/javascript/walk_good/pages"
2026-07-25T13:01:37.279375Z  INFO get_globs:scan_sources: tailwindcss_oxide::scanner: Discovering "/Users/andrewgertig/Documents/Dev/gertig-labs-2025/app/javascript/entrypoints"
2026-07-25T13:01:37.279418Z  INFO get_globs:scan_sources: tailwindcss_oxide::scanner: exit
2026-07-25T13:01:37.279767Z  INFO get_globs: tailwindcss_oxide::scanner: exit
2026-07-25T13:01:37.322544Z  INFO tailwindcss_oxide::scanner: Provided sources:
2026-07-25T13:01:37.322551Z  INFO tailwindcss_oxide::scanner: Source: PublicSourceEntry { base: "/Users/andrewgertig/Documents/Dev/gertig-labs-2025/app/javascript", pattern: "**/*", negated: false }
2026-07-25T13:01:37.322572Z  INFO tailwindcss_oxide::scanner: Optimized sources:
2026-07-25T13:01:37.322575Z  INFO tailwindcss_oxide::scanner: Source: Auto { base: "/Users/andrewgertig/Documents/Dev/gertig-labs-2025/app/javascript" }
2026-07-25T13:01:37.322597Z  INFO scan_sources: tailwindcss_oxide::scanner: enter
2026-07-25T13:01:37.322893Z  INFO scan_sources: tailwindcss_oxide::scanner: Discovering "/Users/andrewgertig/Documents/Dev/gertig-labs-2025/app/javascript/gertig"
2026-07-25T13:01:37.322926Z  INFO scan_sources: tailwindcss_oxide::scanner: Discovering "/Users/andrewgertig/Documents/Dev/gertig-labs-2025/app/javascript/gertig/controllers"
2026-07-25T13:01:37.322957Z  INFO scan_sources: tailwindcss_oxide::scanner: Discovering "/Users/andrewgertig/Documents/Dev/gertig-labs-2025/app/javascript/gertig/controllers/hello_controller.js"
2026-07-25T13:01:37.322979Z  INFO scan_sources: tailwindcss_oxide::scanner: Discovering "/Users/andrewgertig/Documents/Dev/gertig-labs-2025/app/javascript/gertig/controllers/index.js"
2026-07-25T13:01:37.322989Z  INFO scan_sources: tailwindcss_oxide::scanner: Discovering "/Users/andrewgertig/Documents/Dev/gertig-labs-2025/app/javascript/gertig/controllers/application.js"
2026-07-25T13:01:37.323007Z  INFO scan_sources: tailwindcss_oxide::scanner: Discovering "/Users/andrewgertig/Documents/Dev/gertig-labs-2025/app/javascript/gertig/assets"
2026-07-25T13:01:37.323027Z  INFO scan_sources: tailwindcss_oxide::scanner: Discovering "/Users/andrewgertig/Documents/Dev/gertig-labs-2025/app/javascript/gertig/assets/vite_ruby.svg"
2026-07-25T13:01:37.323036Z  INFO scan_sources: tailwindcss_oxide::scanner: Discovering "/Users/andrewgertig/Documents/Dev/gertig-labs-2025/app/javascript/gertig/assets/react.svg"
2026-07-25T13:01:37.323045Z  INFO scan_sources: tailwindcss_oxide::scanner: Discovering "/Users/andrewgertig/Documents/Dev/gertig-labs-2025/app/javascript/gertig/assets/inertia.svg"
2026-07-25T13:01:37.323062Z  INFO scan_sources: tailwindcss_oxide::scanner: Discovering "/Users/andrewgertig/Documents/Dev/gertig-labs-2025/app/javascript/gertig/pages"
2026-07-25T13:01:37.323079Z  INFO scan_sources: tailwindcss_oxide::scanner: Discovering "/Users/andrewgertig/Documents/Dev/gertig-labs-2025/app/javascript/gertig/pages/Index.tsx"
2026-07-25T13:01:37.323089Z  INFO scan_sources: tailwindcss_oxide::scanner: Discovering "/Users/andrewgertig/Documents/Dev/gertig-labs-2025/app/javascript/gertig/pages/Index.module.css"
2026-07-25T13:01:37.323105Z  INFO scan_sources: tailwindcss_oxide::scanner: Discovering "/Users/andrewgertig/Documents/Dev/gertig-labs-2025/app/javascript/walk_good"
2026-07-25T13:01:37.323128Z  INFO scan_sources: tailwindcss_oxide::scanner: Discovering "/Users/andrewgertig/Documents/Dev/gertig-labs-2025/app/javascript/walk_good/styles"
2026-07-25T13:01:37.323145Z  INFO scan_sources: tailwindcss_oxide::scanner: Discovering "/Users/andrewgertig/Documents/Dev/gertig-labs-2025/app/javascript/walk_good/styles/main.css"
2026-07-25T13:01:37.323154Z  INFO scan_sources: tailwindcss_oxide::scanner: Discovering "/Users/andrewgertig/Documents/Dev/gertig-labs-2025/app/javascript/walk_good/styles/main-original.css"
2026-07-25T13:01:37.323170Z  INFO scan_sources: tailwindcss_oxide::scanner: Discovering "/Users/andrewgertig/Documents/Dev/gertig-labs-2025/app/javascript/walk_good/components"
2026-07-25T13:01:37.323187Z  INFO scan_sources: tailwindcss_oxide::scanner: Discovering "/Users/andrewgertig/Documents/Dev/gertig-labs-2025/app/javascript/walk_good/components/Footer1.tsx"
2026-07-25T13:01:37.323194Z  INFO scan_sources: tailwindcss_oxide::scanner: Discovering "/Users/andrewgertig/Documents/Dev/gertig-labs-2025/app/javascript/walk_good/components/Header3.tsx"
2026-07-25T13:01:37.323203Z  INFO scan_sources: tailwindcss_oxide::scanner: Discovering "/Users/andrewgertig/Documents/Dev/gertig-labs-2025/app/javascript/walk_good/components/HeroBanner2.module.css"
2026-07-25T13:01:37.323210Z  INFO scan_sources: tailwindcss_oxide::scanner: Discovering "/Users/andrewgertig/Documents/Dev/gertig-labs-2025/app/javascript/walk_good/components/Counter1.tsx"
2026-07-25T13:01:37.323221Z  INFO scan_sources: tailwindcss_oxide::scanner: Discovering "/Users/andrewgertig/Documents/Dev/gertig-labs-2025/app/javascript/walk_good/components/HeroBanner2.tsx"
2026-07-25T13:01:37.323229Z  INFO scan_sources: tailwindcss_oxide::scanner: Discovering "/Users/andrewgertig/Documents/Dev/gertig-labs-2025/app/javascript/walk_good/components/Counter1.module.css"
2026-07-25T13:01:37.323237Z  INFO scan_sources: tailwindcss_oxide::scanner: Discovering "/Users/andrewgertig/Documents/Dev/gertig-labs-2025/app/javascript/walk_good/components/Footer1.module.css"
2026-07-25T13:01:37.323244Z  INFO scan_sources: tailwindcss_oxide::scanner: Discovering "/Users/andrewgertig/Documents/Dev/gertig-labs-2025/app/javascript/walk_good/components/About2.module.css"
2026-07-25T13:01:37.323255Z  INFO scan_sources: tailwindcss_oxide::scanner: Discovering "/Users/andrewgertig/Documents/Dev/gertig-labs-2025/app/javascript/walk_good/components/Header3.module.css"
2026-07-25T13:01:37.323262Z  INFO scan_sources: tailwindcss_oxide::scanner: Discovering "/Users/andrewgertig/Documents/Dev/gertig-labs-2025/app/javascript/walk_good/components/About2.tsx"
2026-07-25T13:01:37.323278Z  INFO scan_sources: tailwindcss_oxide::scanner: Discovering "/Users/andrewgertig/Documents/Dev/gertig-labs-2025/app/javascript/walk_good/assets"
2026-07-25T13:01:37.323294Z  INFO scan_sources: tailwindcss_oxide::scanner: Discovering "/Users/andrewgertig/Documents/Dev/gertig-labs-2025/app/javascript/walk_good/assets/vite_ruby.svg"
2026-07-25T13:01:37.323309Z  INFO scan_sources: tailwindcss_oxide::scanner: Discovering "/Users/andrewgertig/Documents/Dev/gertig-labs-2025/app/javascript/walk_good/assets/img"
2026-07-25T13:01:37.323337Z  INFO scan_sources: tailwindcss_oxide::scanner: Discovering "/Users/andrewgertig/Documents/Dev/gertig-labs-2025/app/javascript/walk_good/assets/img/footer"
2026-07-25T13:01:37.323362Z  INFO scan_sources: tailwindcss_oxide::scanner: Discovering "/Users/andrewgertig/Documents/Dev/gertig-labs-2025/app/javascript/walk_good/assets/img/about"
2026-07-25T13:01:37.323387Z  INFO scan_sources: tailwindcss_oxide::scanner: Discovering "/Users/andrewgertig/Documents/Dev/gertig-labs-2025/app/javascript/walk_good/assets/img/logo"
2026-07-25T13:01:37.323403Z  INFO scan_sources: tailwindcss_oxide::scanner: Discovering "/Users/andrewgertig/Documents/Dev/gertig-labs-2025/app/javascript/walk_good/assets/img/logo/white-log.svg"
2026-07-25T13:01:37.323412Z  INFO scan_sources: tailwindcss_oxide::scanner: Discovering "/Users/andrewgertig/Documents/Dev/gertig-labs-2025/app/javascript/walk_good/assets/img/logo/black-logo.svg"
2026-07-25T13:01:37.323429Z  INFO scan_sources: tailwindcss_oxide::scanner: Discovering "/Users/andrewgertig/Documents/Dev/gertig-labs-2025/app/javascript/walk_good/assets/img/hero"
2026-07-25T13:01:37.323447Z  INFO scan_sources: tailwindcss_oxide::scanner: Discovering "/Users/andrewgertig/Documents/Dev/gertig-labs-2025/app/javascript/walk_good/assets/react.svg"
2026-07-25T13:01:37.323455Z  INFO scan_sources: tailwindcss_oxide::scanner: Discovering "/Users/andrewgertig/Documents/Dev/gertig-labs-2025/app/javascript/walk_good/assets/inertia.svg"
2026-07-25T13:01:37.323469Z  INFO scan_sources: tailwindcss_oxide::scanner: Discovering "/Users/andrewgertig/Documents/Dev/gertig-labs-2025/app/javascript/walk_good/pages"
2026-07-25T13:01:37.323483Z  INFO scan_sources: tailwindcss_oxide::scanner: Discovering "/Users/andrewgertig/Documents/Dev/gertig-labs-2025/app/javascript/walk_good/pages/Index.tsx"
2026-07-25T13:01:37.323491Z  INFO scan_sources: tailwindcss_oxide::scanner: Discovering "/Users/andrewgertig/Documents/Dev/gertig-labs-2025/app/javascript/walk_good/pages/Old-Index.tsx"
2026-07-25T13:01:37.323498Z  INFO scan_sources: tailwindcss_oxide::scanner: Discovering "/Users/andrewgertig/Documents/Dev/gertig-labs-2025/app/javascript/walk_good/pages/Old-Index.module.css"
2026-07-25T13:01:37.323527Z  INFO scan_sources: tailwindcss_oxide::scanner: Discovering "/Users/andrewgertig/Documents/Dev/gertig-labs-2025/app/javascript/vite-env.d.ts"
2026-07-25T13:01:37.323561Z  INFO scan_sources: tailwindcss_oxide::scanner: Discovering "/Users/andrewgertig/Documents/Dev/gertig-labs-2025/app/javascript/entrypoints"
2026-07-25T13:01:37.323588Z  INFO scan_sources: tailwindcss_oxide::scanner: Discovering "/Users/andrewgertig/Documents/Dev/gertig-labs-2025/app/javascript/entrypoints/walk_good_application.js"
2026-07-25T13:01:37.323599Z  INFO scan_sources: tailwindcss_oxide::scanner: Discovering "/Users/andrewgertig/Documents/Dev/gertig-labs-2025/app/javascript/entrypoints/walk_good_application.css"
2026-07-25T13:01:37.323610Z  INFO scan_sources: tailwindcss_oxide::scanner: Discovering "/Users/andrewgertig/Documents/Dev/gertig-labs-2025/app/javascript/entrypoints/application.css"
2026-07-25T13:01:37.323624Z  INFO scan_sources: tailwindcss_oxide::scanner: Discovering "/Users/andrewgertig/Documents/Dev/gertig-labs-2025/app/javascript/entrypoints/walk_good_inertia.ts"
2026-07-25T13:01:37.323633Z  INFO scan_sources: tailwindcss_oxide::scanner: Discovering "/Users/andrewgertig/Documents/Dev/gertig-labs-2025/app/javascript/entrypoints/gertig_inertia.ts"
2026-07-25T13:01:37.323641Z  INFO scan_sources: tailwindcss_oxide::scanner: Discovering "/Users/andrewgertig/Documents/Dev/gertig-labs-2025/app/javascript/entrypoints/application.js"
2026-07-25T13:01:37.323651Z  INFO scan_sources: tailwindcss_oxide::scanner: Discovering "/Users/andrewgertig/Documents/Dev/gertig-labs-2025/app/javascript/application.js"
2026-07-25T13:01:37.323667Z  INFO scan_sources: tailwindcss_oxide::scanner: exit
2026-07-25T13:01:37.323671Z  INFO extract_candidates: tailwindcss_oxide::scanner: enter
2026-07-25T13:01:37.323674Z  INFO extract_candidates:read_all_files: tailwindcss_oxide::scanner: enter
2026-07-25T13:01:37.323676Z  INFO extract_candidates:read_all_files: tailwindcss_oxide::scanner: Reading 25 file(s)
2026-07-25T13:01:37.323734Z  INFO tailwindcss_oxide::scanner: Reading "/Users/andrewgertig/Documents/Dev/gertig-labs-2025/app/javascript/gertig/assets/vite_ruby.svg"
2026-07-25T13:01:37.323741Z  INFO tailwindcss_oxide::scanner: Reading "/Users/andrewgertig/Documents/Dev/gertig-labs-2025/app/javascript/gertig/assets/react.svg"
2026-07-25T13:01:37.323747Z  INFO tailwindcss_oxide::scanner: Reading "/Users/andrewgertig/Documents/Dev/gertig-labs-2025/app/javascript/walk_good/pages/Old-Index.tsx"
2026-07-25T13:01:37.323758Z  INFO tailwindcss_oxide::scanner: Reading "/Users/andrewgertig/Documents/Dev/gertig-labs-2025/app/javascript/walk_good/assets/inertia.svg"
2026-07-25T13:01:37.323769Z  INFO tailwindcss_oxide::scanner: Reading "/Users/andrewgertig/Documents/Dev/gertig-labs-2025/app/javascript/gertig/assets/inertia.svg"
2026-07-25T13:01:37.323794Z  INFO tailwindcss_oxide::scanner: Reading "/Users/andrewgertig/Documents/Dev/gertig-labs-2025/app/javascript/vite-env.d.ts"
2026-07-25T13:01:37.323802Z  INFO tailwindcss_oxide::scanner: Reading "/Users/andrewgertig/Documents/Dev/gertig-labs-2025/app/javascript/entrypoints/application.js"
2026-07-25T13:01:37.323850Z  INFO tailwindcss_oxide::scanner: Reading "/Users/andrewgertig/Documents/Dev/gertig-labs-2025/app/javascript/application.js"
2026-07-25T13:01:37.323852Z  INFO tailwindcss_oxide::scanner: Reading "/Users/andrewgertig/Documents/Dev/gertig-labs-2025/app/javascript/entrypoints/walk_good_application.js"
2026-07-25T13:01:37.323853Z  INFO tailwindcss_oxide::scanner: Reading "/Users/andrewgertig/Documents/Dev/gertig-labs-2025/app/javascript/walk_good/assets/img/logo/white-log.svg"
2026-07-25T13:01:37.323875Z  INFO tailwindcss_oxide::scanner: Reading "/Users/andrewgertig/Documents/Dev/gertig-labs-2025/app/javascript/walk_good/assets/react.svg"
2026-07-25T13:01:37.323875Z  INFO tailwindcss_oxide::scanner: Reading "/Users/andrewgertig/Documents/Dev/gertig-labs-2025/app/javascript/walk_good/assets/vite_ruby.svg"
2026-07-25T13:01:37.323878Z  INFO tailwindcss_oxide::scanner: Reading "/Users/andrewgertig/Documents/Dev/gertig-labs-2025/app/javascript/gertig/controllers/index.js"
2026-07-25T13:01:37.323917Z  INFO tailwindcss_oxide::scanner: Reading "/Users/andrewgertig/Documents/Dev/gertig-labs-2025/app/javascript/walk_good/components/Counter1.tsx"
2026-07-25T13:01:37.323881Z  INFO tailwindcss_oxide::scanner: Reading "/Users/andrewgertig/Documents/Dev/gertig-labs-2025/app/javascript/entrypoints/gertig_inertia.ts"
2026-07-25T13:01:37.323875Z  INFO tailwindcss_oxide::scanner: Reading "/Users/andrewgertig/Documents/Dev/gertig-labs-2025/app/javascript/gertig/controllers/hello_controller.js"
2026-07-25T13:01:37.323877Z  INFO tailwindcss_oxide::scanner: Reading "/Users/andrewgertig/Documents/Dev/gertig-labs-2025/app/javascript/entrypoints/walk_good_inertia.ts"
2026-07-25T13:01:37.323956Z  INFO tailwindcss_oxide::scanner: Reading "/Users/andrewgertig/Documents/Dev/gertig-labs-2025/app/javascript/walk_good/components/Header3.tsx"
2026-07-25T13:01:37.323880Z  INFO tailwindcss_oxide::scanner: Reading "/Users/andrewgertig/Documents/Dev/gertig-labs-2025/app/javascript/walk_good/assets/img/logo/black-logo.svg"
2026-07-25T13:01:37.323796Z  INFO tailwindcss_oxide::scanner: Reading "/Users/andrewgertig/Documents/Dev/gertig-labs-2025/app/javascript/walk_good/pages/Index.tsx"
2026-07-25T13:01:37.323880Z  INFO tailwindcss_oxide::scanner: Reading "/Users/andrewgertig/Documents/Dev/gertig-labs-2025/app/javascript/gertig/controllers/application.js"
2026-07-25T13:01:37.323927Z  INFO tailwindcss_oxide::scanner: Reading "/Users/andrewgertig/Documents/Dev/gertig-labs-2025/app/javascript/walk_good/components/HeroBanner2.tsx"
2026-07-25T13:01:37.323931Z  INFO tailwindcss_oxide::scanner: Reading "/Users/andrewgertig/Documents/Dev/gertig-labs-2025/app/javascript/walk_good/components/Footer1.tsx"
2026-07-25T13:01:37.323936Z  INFO tailwindcss_oxide::scanner: Reading "/Users/andrewgertig/Documents/Dev/gertig-labs-2025/app/javascript/walk_good/components/About2.tsx"
2026-07-25T13:01:37.323878Z  INFO tailwindcss_oxide::scanner: Reading "/Users/andrewgertig/Documents/Dev/gertig-labs-2025/app/javascript/gertig/pages/Index.tsx"
2026-07-25T13:01:37.324097Z  INFO extract_candidates:read_all_files: tailwindcss_oxide::scanner: exit
2026-07-25T13:01:37.324101Z  INFO extract_candidates:parse_all_blobs: tailwindcss_oxide::scanner: enter
2026-07-25T13:01:37.324103Z  INFO extract_candidates:parse_all_blobs:extract: tailwindcss_oxide::scanner: enter
2026-07-25T13:01:37.324618Z  INFO extract_candidates:parse_all_blobs:extract: tailwindcss_oxide::scanner: exit
2026-07-25T13:01:37.324652Z  INFO extract_candidates:parse_all_blobs: tailwindcss_oxide::scanner: exit
2026-07-25T13:01:37.324662Z  INFO extract_candidates:read_all_files: tailwindcss_oxide::scanner: enter
2026-07-25T13:01:37.324668Z  INFO extract_candidates:read_all_files: tailwindcss_oxide::scanner: Reading 11 file(s)
2026-07-25T13:01:37.324749Z  INFO tailwindcss_oxide::scanner: Reading "/Users/andrewgertig/Documents/Dev/gertig-labs-2025/app/javascript/gertig/pages/Index.module.css"
2026-07-25T13:01:37.324767Z  INFO tailwindcss_oxide::scanner: Reading "/Users/andrewgertig/Documents/Dev/gertig-labs-2025/app/javascript/walk_good/components/Footer1.module.css"
2026-07-25T13:01:37.324799Z  INFO tailwindcss_oxide::scanner: Reading "/Users/andrewgertig/Documents/Dev/gertig-labs-2025/app/javascript/walk_good/components/About2.module.css"
2026-07-25T13:01:37.324808Z  INFO tailwindcss_oxide::scanner: Reading "/Users/andrewgertig/Documents/Dev/gertig-labs-2025/app/javascript/walk_good/components/Header3.module.css"
2026-07-25T13:01:37.324821Z  INFO tailwindcss_oxide::scanner: Reading "/Users/andrewgertig/Documents/Dev/gertig-labs-2025/app/javascript/walk_good/components/HeroBanner2.module.css"
2026-07-25T13:01:37.324834Z  INFO tailwindcss_oxide::scanner: Reading "/Users/andrewgertig/Documents/Dev/gertig-labs-2025/app/javascript/walk_good/styles/main-original.css"
2026-07-25T13:01:37.324848Z  INFO tailwindcss_oxide::scanner: Reading "/Users/andrewgertig/Documents/Dev/gertig-labs-2025/app/javascript/walk_good/components/Counter1.module.css"
2026-07-25T13:01:37.324858Z  INFO tailwindcss_oxide::scanner: Reading "/Users/andrewgertig/Documents/Dev/gertig-labs-2025/app/javascript/entrypoints/walk_good_application.css"
2026-07-25T13:01:37.324871Z  INFO tailwindcss_oxide::scanner: Reading "/Users/andrewgertig/Documents/Dev/gertig-labs-2025/app/javascript/entrypoints/application.css"
2026-07-25T13:01:37.324751Z  INFO tailwindcss_oxide::scanner: Reading "/Users/andrewgertig/Documents/Dev/gertig-labs-2025/app/javascript/walk_good/pages/Old-Index.module.css"
2026-07-25T13:01:37.324877Z  INFO tailwindcss_oxide::scanner: Reading "/Users/andrewgertig/Documents/Dev/gertig-labs-2025/app/javascript/walk_good/styles/main.css"
2026-07-25T13:01:37.324924Z  INFO extract_candidates:read_all_files: tailwindcss_oxide::scanner: exit
2026-07-25T13:01:37.324930Z  INFO extract_candidates:extract_css_variables: tailwindcss_oxide::scanner: enter
2026-07-25T13:01:37.324939Z  INFO extract_candidates:extract_css_variables:extract: tailwindcss_oxide::scanner: enter
2026-07-25T13:01:37.325246Z  INFO extract_candidates:extract_css_variables:extract: tailwindcss_oxide::scanner: exit
2026-07-25T13:01:37.325251Z  INFO extract_candidates:extract_css_variables: tailwindcss_oxide::scanner: exit
2026-07-25T13:01:37.325500Z  INFO extract_candidates: tailwindcss_oxide::scanner: exit
2026-07-25T13:01:37.325753Z  INFO get_files: tailwindcss_oxide::scanner: enter
2026-07-25T13:01:37.325759Z  INFO get_files:scan_sources: tailwindcss_oxide::scanner: enter
2026-07-25T13:01:37.326015Z  INFO get_files:scan_sources: tailwindcss_oxide::scanner: Discovering "/Users/andrewgertig/Documents/Dev/gertig-labs-2025/app/javascript/gertig"
2026-07-25T13:01:37.326042Z  INFO get_files:scan_sources: tailwindcss_oxide::scanner: Discovering "/Users/andrewgertig/Documents/Dev/gertig-labs-2025/app/javascript/gertig/controllers"
2026-07-25T13:01:37.326090Z  INFO get_files:scan_sources: tailwindcss_oxide::scanner: Discovering "/Users/andrewgertig/Documents/Dev/gertig-labs-2025/app/javascript/gertig/assets"
2026-07-25T13:01:37.326128Z  INFO get_files:scan_sources: tailwindcss_oxide::scanner: Discovering "/Users/andrewgertig/Documents/Dev/gertig-labs-2025/app/javascript/gertig/pages"
2026-07-25T13:01:37.326164Z  INFO get_files:scan_sources: tailwindcss_oxide::scanner: Discovering "/Users/andrewgertig/Documents/Dev/gertig-labs-2025/app/javascript/walk_good"
2026-07-25T13:01:37.326186Z  INFO get_files:scan_sources: tailwindcss_oxide::scanner: Discovering "/Users/andrewgertig/Documents/Dev/gertig-labs-2025/app/javascript/walk_good/styles"
2026-07-25T13:01:37.326220Z  INFO get_files:scan_sources: tailwindcss_oxide::scanner: Discovering "/Users/andrewgertig/Documents/Dev/gertig-labs-2025/app/javascript/walk_good/components"
2026-07-25T13:01:37.326308Z  INFO get_files:scan_sources: tailwindcss_oxide::scanner: Discovering "/Users/andrewgertig/Documents/Dev/gertig-labs-2025/app/javascript/walk_good/assets"
2026-07-25T13:01:37.326336Z  INFO get_files:scan_sources: tailwindcss_oxide::scanner: Discovering "/Users/andrewgertig/Documents/Dev/gertig-labs-2025/app/javascript/walk_good/assets/img"
2026-07-25T13:01:37.326364Z  INFO get_files:scan_sources: tailwindcss_oxide::scanner: Discovering "/Users/andrewgertig/Documents/Dev/gertig-labs-2025/app/javascript/walk_good/assets/img/footer"
2026-07-25T13:01:37.326389Z  INFO get_files:scan_sources: tailwindcss_oxide::scanner: Discovering "/Users/andrewgertig/Documents/Dev/gertig-labs-2025/app/javascript/walk_good/assets/img/about"
2026-07-25T13:01:37.326416Z  INFO get_files:scan_sources: tailwindcss_oxide::scanner: Discovering "/Users/andrewgertig/Documents/Dev/gertig-labs-2025/app/javascript/walk_good/assets/img/logo"
2026-07-25T13:01:37.326451Z  INFO get_files:scan_sources: tailwindcss_oxide::scanner: Discovering "/Users/andrewgertig/Documents/Dev/gertig-labs-2025/app/javascript/walk_good/assets/img/hero"
2026-07-25T13:01:37.326482Z  INFO get_files:scan_sources: tailwindcss_oxide::scanner: Discovering "/Users/andrewgertig/Documents/Dev/gertig-labs-2025/app/javascript/walk_good/pages"
2026-07-25T13:01:37.326519Z  INFO get_files:scan_sources: tailwindcss_oxide::scanner: Discovering "/Users/andrewgertig/Documents/Dev/gertig-labs-2025/app/javascript/entrypoints"
2026-07-25T13:01:37.326571Z  INFO get_files:scan_sources: tailwindcss_oxide::scanner: exit
2026-07-25T13:01:37.326693Z  INFO get_files: tailwindcss_oxide::scanner: exit
2026-07-25T13:01:37.326733Z  INFO get_globs: tailwindcss_oxide::scanner: enter
2026-07-25T13:01:37.326736Z  INFO get_globs:scan_sources: tailwindcss_oxide::scanner: enter
2026-07-25T13:01:37.326973Z  INFO get_globs:scan_sources: tailwindcss_oxide::scanner: Discovering "/Users/andrewgertig/Documents/Dev/gertig-labs-2025/app/javascript/gertig"
2026-07-25T13:01:37.326998Z  INFO get_globs:scan_sources: tailwindcss_oxide::scanner: Discovering "/Users/andrewgertig/Documents/Dev/gertig-labs-2025/app/javascript/gertig/controllers"
2026-07-25T13:01:37.327051Z  INFO get_globs:scan_sources: tailwindcss_oxide::scanner: Discovering "/Users/andrewgertig/Documents/Dev/gertig-labs-2025/app/javascript/gertig/assets"
2026-07-25T13:01:37.327090Z  INFO get_globs:scan_sources: tailwindcss_oxide::scanner: Discovering "/Users/andrewgertig/Documents/Dev/gertig-labs-2025/app/javascript/gertig/pages"
2026-07-25T13:01:37.327123Z  INFO get_globs:scan_sources: tailwindcss_oxide::scanner: Discovering "/Users/andrewgertig/Documents/Dev/gertig-labs-2025/app/javascript/walk_good"
2026-07-25T13:01:37.327144Z  INFO get_globs:scan_sources: tailwindcss_oxide::scanner: Discovering "/Users/andrewgertig/Documents/Dev/gertig-labs-2025/app/javascript/walk_good/styles"
2026-07-25T13:01:37.327174Z  INFO get_globs:scan_sources: tailwindcss_oxide::scanner: Discovering "/Users/andrewgertig/Documents/Dev/gertig-labs-2025/app/javascript/walk_good/components"
2026-07-25T13:01:37.327231Z  INFO get_globs:scan_sources: tailwindcss_oxide::scanner: Discovering "/Users/andrewgertig/Documents/Dev/gertig-labs-2025/app/javascript/walk_good/assets"
2026-07-25T13:01:37.327256Z  INFO get_globs:scan_sources: tailwindcss_oxide::scanner: Discovering "/Users/andrewgertig/Documents/Dev/gertig-labs-2025/app/javascript/walk_good/assets/img"
2026-07-25T13:01:37.327280Z  INFO get_globs:scan_sources: tailwindcss_oxide::scanner: Discovering "/Users/andrewgertig/Documents/Dev/gertig-labs-2025/app/javascript/walk_good/assets/img/footer"
2026-07-25T13:01:37.327302Z  INFO get_globs:scan_sources: tailwindcss_oxide::scanner: Discovering "/Users/andrewgertig/Documents/Dev/gertig-labs-2025/app/javascript/walk_good/assets/img/about"
2026-07-25T13:01:37.327327Z  INFO get_globs:scan_sources: tailwindcss_oxide::scanner: Discovering "/Users/andrewgertig/Documents/Dev/gertig-labs-2025/app/javascript/walk_good/assets/img/logo"
2026-07-25T13:01:37.327359Z  INFO get_globs:scan_sources: tailwindcss_oxide::scanner: Discovering "/Users/andrewgertig/Documents/Dev/gertig-labs-2025/app/javascript/walk_good/assets/img/hero"
2026-07-25T13:01:37.327388Z  INFO get_globs:scan_sources: tailwindcss_oxide::scanner: Discovering "/Users/andrewgertig/Documents/Dev/gertig-labs-2025/app/javascript/walk_good/pages"
2026-07-25T13:01:37.327423Z  INFO get_globs:scan_sources: tailwindcss_oxide::scanner: Discovering "/Users/andrewgertig/Documents/Dev/gertig-labs-2025/app/javascript/entrypoints"
2026-07-25T13:01:37.327467Z  INFO get_globs:scan_sources: tailwindcss_oxide::scanner: exit
2026-07-25T13:01:37.327830Z  INFO get_globs: tailwindcss_oxide::scanner: exit
2026-07-25T13:01:37.340989Z  INFO tailwindcss_oxide::scanner: Provided sources:
2026-07-25T13:01:37.340997Z  INFO tailwindcss_oxide::scanner: Source: PublicSourceEntry { base: "/Users/andrewgertig/Documents/Dev/gertig-labs-2025/app/javascript", pattern: "**/*", negated: false }
2026-07-25T13:01:37.341023Z  INFO tailwindcss_oxide::scanner: Optimized sources:
2026-07-25T13:01:37.341027Z  INFO tailwindcss_oxide::scanner: Source: Auto { base: "/Users/andrewgertig/Documents/Dev/gertig-labs-2025/app/javascript" }
2026-07-25T13:01:37.373054Z  INFO tailwindcss_oxide::scanner: Provided sources:
2026-07-25T13:01:37.373061Z  INFO tailwindcss_oxide::scanner: Source: PublicSourceEntry { base: "/Users/andrewgertig/Documents/Dev/gertig-labs-2025/app/javascript", pattern: "**/*", negated: false }
2026-07-25T13:01:37.373081Z  INFO tailwindcss_oxide::scanner: Optimized sources:
2026-07-25T13:01:37.373085Z  INFO tailwindcss_oxide::scanner: Source: Auto { base: "/Users/andrewgertig/Documents/Dev/gertig-labs-2025/app/javascript" }
